// Jest Snapshot v1, https://goo.gl/fbAQLP

exports[`Components LastTwoYearsStatistics should renders correctly 1`] = `
<ForwardRef(View)
  style={
    Object {
      "alignItems": "center",
      "borderColor": "grey",
      "borderRadius": 3,
      "borderWidth": 0.5,
      "flexDirection": "row",
      "marginVertical": 15,
    }
  }
>
  <ForwardRef(Image)
    source={3}
    style={
      Object {
        "marginHorizontal": 10,
      }
    }
  />
  <ForwardRef(View)
    style={
      Object {
        "flex": 1,
        "paddingHorizontal": 10,
        "paddingVertical": 7,
      }
    }
  >
    <ForwardRef(Text)
      style={
        Object {
          "fontSize": 25,
        }
      }
    >
      1
    </ForwardRef(Text)>
    <ForwardRef(Text)
      style={
        Object {
          "color": "#355974",
        }
      }
    >
      title1
    </ForwardRef(Text)>
  </ForwardRef(View)>
  <ForwardRef(View)
    style={
      Object {
        "borderColor": "grey",
        "borderLeftWidth": 0.5,
        "flex": 1,
        "paddingHorizontal": 10,
        "paddingVertical": 7,
      }
    }
  >
    <ForwardRef(Text)
      style={
        Object {
          "fontSize": 25,
        }
      }
    >
      3
    </ForwardRef(Text)>
    <ForwardRef(Text)
      style={
        Object {
          "color": "#355974",
        }
      }
    >
      title2
    </ForwardRef(Text)>
  </ForwardRef(View)>
</ForwardRef(View)>
`;
