// Jest Snapshot v1, https://goo.gl/fbAQLP

exports[`Components Back IOS should renders correctly 1`] = `
<TouchableOpacity
  activeOpacity={0.2}
  hitSlop={
    Object {
      "bottom": 15,
      "left": 15,
      "right": 15,
      "top": 15,
    }
  }
  onPress={[MockFunction]}
  style={
    Object {
      "left": 15,
      "position": "absolute",
      "top": 25,
    }
  }
>
  <Icon
    allowFontScaling={false}
    color="black"
    name="ios-arrow-back"
    size={35}
  />
</TouchableOpacity>
`;
