// Jest Snapshot v1, https://goo.gl/fbAQLP

exports[`Components UnderConstruction should renders correctly 1`] = `
<View
  style={
    Object {
      "alignItems": "center",
      "flex": 1,
    }
  }
>
  <View
    style={
      Object {
        "flex": 1,
      }
    }
  />
  <Image
    source={1}
  />
  <Text
    accessible={true}
    allowFontScaling={true}
    ellipsizeMode="tail"
    style={
      Object {
        "fontSize": 18,
        "marginTop": 30,
        "paddingHorizontal": "20%",
        "textAlign": "center",
      }
    }
  >
    This page is under construction.
  </Text>
  <View
    style={
      Object {
        "flex": 1,
      }
    }
  />
</View>
`;
