// Jest Snapshot v1, https://goo.gl/fbAQLP

exports[`Components Launch should renders correctly 1`] = `
<ForwardRef(View)
  style={
    Object {
      "alignItems": "center",
      "backgroundColor": "white",
      "flex": 1,
      "justifyContent": "center",
    }
  }
>
  <ForwardRef(View)
    style={
      Object {
        "flex": 1,
      }
    }
  />
  <ForwardRef(View)
    style={
      Object {
        "alignItems": "center",
        "justifyContent": "center",
        "paddingHorizontal": 30,
        "width": "100%",
      }
    }
  >
    <ForwardRef(Image)
      source={1}
    />
    <ForwardRef(Text)
      style={
        Object {
          "fontSize": 18,
          "fontWeight": "bold",
          "marginBottom": 20,
          "marginTop": 40,
          "textAlign": "center",
        }
      }
    >
      Keep track of every interaction with your friend and family!
    </ForwardRef(Text)>
    <ForwardRef(Text)
      style={
        Object {
          "color": "#97A5B2",
          "marginBottom": 20,
          "textAlign": "center",
        }
      }
    >
      Remember when you last called, what you talked about, the name of their kids or what they prefer to eat!
    </ForwardRef(Text)>
    <Button
      disabled={false}
      id="goToLogin"
      loading={false}
      onPress={[Function]}
    >
      Get started
    </Button>
  </ForwardRef(View)>
  <ForwardRef(View)
    style={
      Object {
        "flex": 1,
      }
    }
  />
</ForwardRef(View)>
`;
