// Jest Snapshot v1, https://goo.gl/fbAQLP

exports[`Pages Contact / Contact should renders correctly 1`] = `
<ForwardRef(View)
  style={
    Object {
      "marginTop": 5,
    }
  }
>
  <ListItem
    key="0"
    lastItem={false}
    title="5815 Park Montreal"
  />
  <ListItem
    key="1"
    lastItem={true}
    title="test@gmail.com"
  />
</ForwardRef(View)>
`;
